Archive member included because of file (symbol)

c:/winavr-20100110/bin/../lib/gcc/avr/4.3.3/avr5\libgcc.a(_udivmodsi4.o)
                              ./uart.o (__udivmodsi4)
c:/winavr-20100110/bin/../lib/gcc/avr/4.3.3/avr5\libgcc.a(_exit.o)
                              c:/winavr-20100110/bin/../lib/gcc/avr/4.3.3/../../../../avr/lib/avr5/crtm16.o (exit)
c:/winavr-20100110/bin/../lib/gcc/avr/4.3.3/avr5\libgcc.a(_copy_data.o)
                              ./uart.o (__do_copy_data)
c:/winavr-20100110/bin/../lib/gcc/avr/4.3.3/avr5\libgcc.a(_clear_bss.o)
                              ./door_lock_control.o (__do_clear_bss)

Allocating common symbols
Common symbol       size              file

Data                0x1               ./door_lock_control.o
g_i2cData           0x1               ./i2c.o

Memory Configuration

Name             Origin             Length             Attributes
text             0x00000000         0x00020000         xr
data             0x00800060         0x0000ffa0         rw !x
eeprom           0x00810000         0x00010000         rw !x
fuse             0x00820000         0x00000400         rw !x
lock             0x00830000         0x00000400         rw !x
signature        0x00840000         0x00000400         rw !x
*default*        0x00000000         0xffffffff

Linker script and memory map

LOAD c:/winavr-20100110/bin/../lib/gcc/avr/4.3.3/../../../../avr/lib/avr5/crtm16.o
LOAD ./door_lock_control.o
LOAD ./external_eeprom.o
LOAD ./i2c.o
LOAD ./timer.o
LOAD ./uart.o
LOAD c:/winavr-20100110/bin/../lib/gcc/avr/4.3.3/avr5\libgcc.a
LOAD c:/winavr-20100110/bin/../lib/gcc/avr/4.3.3/../../../../avr/lib/avr5\libc.a
LOAD c:/winavr-20100110/bin/../lib/gcc/avr/4.3.3/avr5\libgcc.a

.hash
 *(.hash)

.dynsym
 *(.dynsym)

.dynstr
 *(.dynstr)

.gnu.version
 *(.gnu.version)

.gnu.version_d
 *(.gnu.version_d)

.gnu.version_r
 *(.gnu.version_r)

.rel.init
 *(.rel.init)

.rela.init
 *(.rela.init)

.rel.text
 *(.rel.text)
 *(.rel.text.*)
 *(.rel.gnu.linkonce.t*)

.rela.text
 *(.rela.text)
 *(.rela.text.*)
 *(.rela.gnu.linkonce.t*)

.rel.fini
 *(.rel.fini)

.rela.fini
 *(.rela.fini)

.rel.rodata
 *(.rel.rodata)
 *(.rel.rodata.*)
 *(.rel.gnu.linkonce.r*)

.rela.rodata
 *(.rela.rodata)
 *(.rela.rodata.*)
 *(.rela.gnu.linkonce.r*)

.rel.data
 *(.rel.data)
 *(.rel.data.*)
 *(.rel.gnu.linkonce.d*)

.rela.data
 *(.rela.data)
 *(.rela.data.*)
 *(.rela.gnu.linkonce.d*)

.rel.ctors
 *(.rel.ctors)

.rela.ctors
 *(.rela.ctors)

.rel.dtors
 *(.rel.dtors)

.rela.dtors
 *(.rela.dtors)

.rel.got
 *(.rel.got)

.rela.got
 *(.rela.got)

.rel.bss
 *(.rel.bss)

.rela.bss
 *(.rela.bss)

.rel.plt
 *(.rel.plt)

.rela.plt
 *(.rela.plt)

.text           0x00000000     0x181a
 *(.vectors)
 .vectors       0x00000000       0x54 c:/winavr-20100110/bin/../lib/gcc/avr/4.3.3/../../../../avr/lib/avr5/crtm16.o
                0x00000000                __vectors
                0x00000000                __vector_default
 *(.vectors)
 *(.progmem.gcc*)
 *(.progmem*)
                0x00000054                . = ALIGN (0x2)
                0x00000054                __trampolines_start = .
 *(.trampolines)
 .trampolines   0x00000054        0x0 linker stubs
 *(.trampolines*)
                0x00000054                __trampolines_end = .
 *(.jumptables)
 *(.jumptables*)
 *(.lowtext)
 *(.lowtext*)
                0x00000054                __ctors_start = .
 *(.ctors)
                0x00000054                __ctors_end = .
                0x00000054                __dtors_start = .
 *(.dtors)
                0x00000054                __dtors_end = .
 SORT(*)(.ctors)
 SORT(*)(.dtors)
 *(.init0)
 .init0         0x00000054        0x0 c:/winavr-20100110/bin/../lib/gcc/avr/4.3.3/../../../../avr/lib/avr5/crtm16.o
                0x00000054                __init
 *(.init0)
 *(.init1)
 *(.init1)
 *(.init2)
 .init2         0x00000054        0xc c:/winavr-20100110/bin/../lib/gcc/avr/4.3.3/../../../../avr/lib/avr5/crtm16.o
 *(.init2)
 *(.init3)
 *(.init3)
 *(.init4)
 .init4         0x00000060       0x16 c:/winavr-20100110/bin/../lib/gcc/avr/4.3.3/avr5\libgcc.a(_copy_data.o)
                0x00000060                __do_copy_data
 .init4         0x00000076       0x10 c:/winavr-20100110/bin/../lib/gcc/avr/4.3.3/avr5\libgcc.a(_clear_bss.o)
                0x00000076                __do_clear_bss
 *(.init4)
 *(.init5)
 *(.init5)
 *(.init6)
 *(.init6)
 *(.init7)
 *(.init7)
 *(.init8)
 *(.init8)
 *(.init9)
 .init9         0x00000086        0x8 c:/winavr-20100110/bin/../lib/gcc/avr/4.3.3/../../../../avr/lib/avr5/crtm16.o
 *(.init9)
 *(.text)
 .text          0x0000008e        0x4 c:/winavr-20100110/bin/../lib/gcc/avr/4.3.3/../../../../avr/lib/avr5/crtm16.o
                0x0000008e                __vector_1
                0x0000008e                __bad_interrupt
                0x0000008e                __vector_7
                0x0000008e                __vector_5
                0x0000008e                __vector_2
                0x0000008e                __vector_15
                0x0000008e                __vector_14
                0x0000008e                __vector_10
                0x0000008e                __vector_16
                0x0000008e                __vector_18
                0x0000008e                __vector_20
 .text          0x00000092        0x0 ./door_lock_control.o
 .text          0x00000092        0x0 ./external_eeprom.o
 .text          0x00000092        0x0 ./i2c.o
 .text          0x00000092        0x0 ./timer.o
 .text          0x00000092        0x0 ./uart.o
 .text          0x00000092        0x0 c:/winavr-20100110/bin/../lib/gcc/avr/4.3.3/avr5\libgcc.a(_udivmodsi4.o)
 .text          0x00000092        0x0 c:/winavr-20100110/bin/../lib/gcc/avr/4.3.3/avr5\libgcc.a(_exit.o)
 .text          0x00000092        0x0 c:/winavr-20100110/bin/../lib/gcc/avr/4.3.3/avr5\libgcc.a(_copy_data.o)
 .text          0x00000092        0x0 c:/winavr-20100110/bin/../lib/gcc/avr/4.3.3/avr5\libgcc.a(_clear_bss.o)
                0x00000092                . = ALIGN (0x2)
 *(.text.*)
 .text.main     0x00000092       0xfe ./door_lock_control.o
                0x00000092                main
 .text.SetPassword
                0x00000190       0x7e ./door_lock_control.o
                0x00000190                SetPassword
 .text.MotorOn  0x0000020e       0x72 ./door_lock_control.o
                0x0000020e                MotorOn
 .text.CheckPassword
                0x00000280       0xbe ./door_lock_control.o
                0x00000280                CheckPassword
 .text.EEPROM_CheckPassword
                0x0000033e       0x78 ./door_lock_control.o
                0x0000033e                EEPROM_CheckPassword
 .text.T1_delay_msec
                0x000003b6       0x44 ./door_lock_control.o
                0x000003b6                T1_delay_msec
 .text.T1_delay_sec
                0x000003fa       0x44 ./door_lock_control.o
                0x000003fa                T1_delay_sec
 .text.Timer1_CallBack
                0x0000043e       0x1c ./door_lock_control.o
                0x0000043e                Timer1_CallBack
 .text.EEPROM_init
                0x0000045a       0x2e ./external_eeprom.o
                0x0000045a                EEPROM_init
 .text.EEPROM_writeByte
                0x00000488       0x82 ./external_eeprom.o
                0x00000488                EEPROM_writeByte
 .text.EEPROM_readByte
                0x0000050a       0xc0 ./external_eeprom.o
                0x0000050a                EEPROM_readByte
 .text.__vector_17
                0x000005ca       0x70 ./i2c.o
                0x000005ca                __vector_17
 .text.TWI_init
                0x0000063a       0x80 ./i2c.o
                0x0000063a                TWI_init
 .text.TWI_start
                0x000006ba       0x20 ./i2c.o
                0x000006ba                TWI_start
 .text.TWI_stop
                0x000006da       0x16 ./i2c.o
                0x000006da                TWI_stop
 .text.TWI_write
                0x000006f0       0x52 ./i2c.o
                0x000006f0                TWI_write
 .text.TWI_readWithACK
                0x00000742       0x52 ./i2c.o
                0x00000742                TWI_readWithACK
 .text.TWI_readWithNACK
                0x00000794       0x52 ./i2c.o
                0x00000794                TWI_readWithNACK
 .text.TWI_getStatus
                0x000007e6       0x1e ./i2c.o
                0x000007e6                TWI_getStatus
 .text.I2C_setCallBack
                0x00000804       0x24 ./i2c.o
                0x00000804                I2C_setCallBack
 .text.__vector_19
                0x00000828       0x66 ./timer.o
                0x00000828                __vector_19
 .text.__vector_9
                0x0000088e       0x66 ./timer.o
                0x0000088e                __vector_9
 .text.__vector_3
                0x000008f4       0x66 ./timer.o
                0x000008f4                __vector_3
 .text.__vector_4
                0x0000095a       0x66 ./timer.o
                0x0000095a                __vector_4
 .text.__vector_6
                0x000009c0       0x66 ./timer.o
                0x000009c0                __vector_6
 .text.__vector_8
                0x00000a26       0x66 ./timer.o
                0x00000a26                __vector_8
 .text.Timer0_Init
                0x00000a8c      0x15a ./timer.o
                0x00000a8c                Timer0_Init
 .text.Timer0_resetTimer
                0x00000be6       0x14 ./timer.o
                0x00000be6                Timer0_resetTimer
 .text.Timer0_stopTimer
                0x00000bfa       0x1c ./timer.o
                0x00000bfa                Timer0_stopTimer
 .text.Timer0_restartTimer
                0x00000c16       0x2e ./timer.o
                0x00000c16                Timer0_restartTimer
 .text.Timer0_Ticks
                0x00000c44       0x1c ./timer.o
                0x00000c44                Timer0_Ticks
 .text.Timer0_setCallBack
                0x00000c60       0x24 ./timer.o
                0x00000c60                Timer0_setCallBack
 .text.Timer2_Init
                0x00000c84      0x18a ./timer.o
                0x00000c84                Timer2_Init
 .text.AdjustTimer2Clock
                0x00000e0e       0xb6 ./timer.o
                0x00000e0e                AdjustTimer2Clock
 .text.Timer2_resetTimer
                0x00000ec4       0x14 ./timer.o
                0x00000ec4                Timer2_resetTimer
 .text.Timer2_stopTimer
                0x00000ed8       0x1c ./timer.o
                0x00000ed8                Timer2_stopTimer
 .text.Timer2_restartTimer
                0x00000ef4       0x40 ./timer.o
                0x00000ef4                Timer2_restartTimer
 .text.Timer2_Ticks
                0x00000f34       0x1c ./timer.o
                0x00000f34                Timer2_Ticks
 .text.Timer2_setCallBack
                0x00000f50       0x24 ./timer.o
                0x00000f50                Timer2_setCallBack
 .text.Timer1_Init
                0x00000f74      0x1f2 ./timer.o
                0x00000f74                Timer1_Init
 .text.Timer1_resetTimer
                0x00001166       0x16 ./timer.o
                0x00001166                Timer1_resetTimer
 .text.Timer1_stopTimer
                0x0000117c       0x1c ./timer.o
                0x0000117c                Timer1_stopTimer
 .text.Timer1_restartTimer
                0x00001198       0x2e ./timer.o
                0x00001198                Timer1_restartTimer
 .text.Timer1_Ticks
                0x000011c6       0x3a ./timer.o
                0x000011c6                Timer1_Ticks
 .text.Timer1_setCallBack
                0x00001200       0x24 ./timer.o
                0x00001200                Timer1_setCallBack
 .text.__vector_13
                0x00001224       0x66 ./uart.o
                0x00001224                __vector_13
 .text.__vector_11
                0x0000128a       0x78 ./uart.o
                0x0000128a                __vector_11
 .text.__vector_12
                0x00001302       0x66 ./uart.o
                0x00001302                __vector_12
 .text.UART_init
                0x00001368      0x178 ./uart.o
                0x00001368                UART_init
 .text.UART_sendByte
                0x000014e0       0x2e ./uart.o
                0x000014e0                UART_sendByte
 .text.UART_receiveByte
                0x0000150e       0x3c ./uart.o
                0x0000150e                UART_receiveByte
 .text.UART_sendString
                0x0000154a       0xd2 ./uart.o
                0x0000154a                UART_sendString
 .text.UART_receiveString
                0x0000161c      0x14a ./uart.o
                0x0000161c                UART_receiveString
 .text.UART_RXC_setCallBack
                0x00001766       0x24 ./uart.o
                0x00001766                UART_RXC_setCallBack
 .text.UART_TXC_setCallBack
                0x0000178a       0x24 ./uart.o
                0x0000178a                UART_TXC_setCallBack
 .text.UART_UDRE_setCallBack
                0x000017ae       0x24 ./uart.o
                0x000017ae                UART_UDRE_setCallBack
 .text.libgcc   0x000017d2       0x44 c:/winavr-20100110/bin/../lib/gcc/avr/4.3.3/avr5\libgcc.a(_udivmodsi4.o)
                0x000017d2                __udivmodsi4
 .text.libgcc   0x00001816        0x0 c:/winavr-20100110/bin/../lib/gcc/avr/4.3.3/avr5\libgcc.a(_exit.o)
 .text.libgcc   0x00001816        0x0 c:/winavr-20100110/bin/../lib/gcc/avr/4.3.3/avr5\libgcc.a(_copy_data.o)
 .text.libgcc   0x00001816        0x0 c:/winavr-20100110/bin/../lib/gcc/avr/4.3.3/avr5\libgcc.a(_clear_bss.o)
                0x00001816                . = ALIGN (0x2)
 *(.fini9)
 .fini9         0x00001816        0x0 c:/winavr-20100110/bin/../lib/gcc/avr/4.3.3/avr5\libgcc.a(_exit.o)
                0x00001816                exit
                0x00001816                _exit
 *(.fini9)
 *(.fini8)
 *(.fini8)
 *(.fini7)
 *(.fini7)
 *(.fini6)
 *(.fini6)
 *(.fini5)
 *(.fini5)
 *(.fini4)
 *(.fini4)
 *(.fini3)
 *(.fini3)
 *(.fini2)
 *(.fini2)
 *(.fini1)
 *(.fini1)
 *(.fini0)
 .fini0         0x00001816        0x4 c:/winavr-20100110/bin/../lib/gcc/avr/4.3.3/avr5\libgcc.a(_exit.o)
 *(.fini0)
                0x0000181a                _etext = .

.data           0x00800060        0x2 load address 0x0000181a
                0x00800060                PROVIDE (__data_start, .)
 *(.data)
 .data          0x00800060        0x0 c:/winavr-20100110/bin/../lib/gcc/avr/4.3.3/../../../../avr/lib/avr5/crtm16.o
 .data          0x00800060        0x0 ./door_lock_control.o
 .data          0x00800060        0x0 ./external_eeprom.o
 .data          0x00800060        0x0 ./i2c.o
 .data          0x00800060        0x0 ./timer.o
 .data          0x00800060        0x0 ./uart.o
 .data          0x00800060        0x0 c:/winavr-20100110/bin/../lib/gcc/avr/4.3.3/avr5\libgcc.a(_udivmodsi4.o)
 .data          0x00800060        0x0 c:/winavr-20100110/bin/../lib/gcc/avr/4.3.3/avr5\libgcc.a(_exit.o)
 .data          0x00800060        0x0 c:/winavr-20100110/bin/../lib/gcc/avr/4.3.3/avr5\libgcc.a(_copy_data.o)
 .data          0x00800060        0x0 c:/winavr-20100110/bin/../lib/gcc/avr/4.3.3/avr5\libgcc.a(_clear_bss.o)
 *(.data*)
 .data.g_NULL_Terminator
                0x00800060        0x1 ./uart.o
 *(.rodata)
 *(.rodata*)
 *(.gnu.linkonce.d*)
                0x00800062                . = ALIGN (0x2)
 *fill*         0x00800061        0x1 00
                0x00800062                _edata = .
                0x00800062                PROVIDE (__data_end, .)

.bss            0x00800062       0x22
                0x00800062                PROVIDE (__bss_start, .)
 *(.bss)
 .bss           0x00800062        0x0 c:/winavr-20100110/bin/../lib/gcc/avr/4.3.3/../../../../avr/lib/avr5/crtm16.o
 .bss           0x00800062        0x0 ./door_lock_control.o
 .bss           0x00800062        0x0 ./external_eeprom.o
 .bss           0x00800062        0x0 ./i2c.o
 .bss           0x00800062        0x0 ./timer.o
 .bss           0x00800062        0x0 ./uart.o
 .bss           0x00800062        0x0 c:/winavr-20100110/bin/../lib/gcc/avr/4.3.3/avr5\libgcc.a(_udivmodsi4.o)
 .bss           0x00800062        0x0 c:/winavr-20100110/bin/../lib/gcc/avr/4.3.3/avr5\libgcc.a(_exit.o)
 .bss           0x00800062        0x0 c:/winavr-20100110/bin/../lib/gcc/avr/4.3.3/avr5\libgcc.a(_copy_data.o)
 .bss           0x00800062        0x0 c:/winavr-20100110/bin/../lib/gcc/avr/4.3.3/avr5\libgcc.a(_clear_bss.o)
 *(.bss*)
 .bss.g_password
                0x00800062        0x5 ./door_lock_control.o
                0x00800062                g_password
 .bss.g_EEPassword
                0x00800067        0x5 ./door_lock_control.o
                0x00800067                g_EEPassword
 .bss.count     0x0080006c        0x1 ./door_lock_control.o
                0x0080006c                count
 .bss.g_delayFlag
                0x0080006d        0x1 ./door_lock_control.o
                0x0080006d                g_delayFlag
 .bss.g_I2C_callBack_ptr
                0x0080006e        0x2 ./i2c.o
 .bss.g_i2cInterrupt
                0x00800070        0x1 ./i2c.o
 .bss.g_TIMER0_callBackPtr
                0x00800071        0x2 ./timer.o
 .bss.g_TIMER2_callBackPtr
                0x00800073        0x2 ./timer.o
 .bss.g_TIMER1_callBackPtr
                0x00800075        0x2 ./timer.o
 .bss.g_T0clock
                0x00800077        0x1 ./timer.o
 .bss.g_T1clock
                0x00800078        0x1 ./timer.o
 .bss.g_T2clock
                0x00800079        0x1 ./timer.o
 .bss.g_uartData
                0x0080007a        0x2 ./uart.o
                0x0080007a                g_uartData
 .bss.g_UART_RXC_callBack_ptr
                0x0080007c        0x2 ./uart.o
 .bss.g_UART_TXC_callBack_ptr
                0x0080007e        0x2 ./uart.o
 .bss.g_UART_UDRE_callBack_ptr
                0x00800080        0x2 ./uart.o
 *(COMMON)
 COMMON         0x00800082        0x1 ./door_lock_control.o
                0x00800082                Data
 COMMON         0x00800083        0x1 ./i2c.o
                0x00800083                g_i2cData
                0x00800084                PROVIDE (__bss_end, .)
                0x0000181a                __data_load_start = LOADADDR (.data)
                0x0000181c                __data_load_end = (__data_load_start + SIZEOF (.data))

.noinit         0x00800084        0x0
                0x00800084                PROVIDE (__noinit_start, .)
 *(.noinit*)
                0x00800084                PROVIDE (__noinit_end, .)
                0x00800084                _end = .
                0x00800084                PROVIDE (__heap_start, .)

.eeprom         0x00810000        0x0
 *(.eeprom*)
                0x00810000                __eeprom_end = .

.fuse
 *(.fuse)
 *(.lfuse)
 *(.hfuse)
 *(.efuse)

.lock
 *(.lock*)

.signature
 *(.signature*)

.stab           0x00000000     0x2310
 *(.stab)
 .stab          0x00000000      0x960 ./door_lock_control.o
 .stab          0x00000960      0x3f0 ./external_eeprom.o
                                0x648 (size before relaxing)
 .stab          0x00000d50      0x48c ./i2c.o
                                0x72c (size before relaxing)
 .stab          0x000011dc      0xb40 ./timer.o
                                0xdf8 (size before relaxing)
 .stab          0x00001d1c      0x5f4 ./uart.o
                                0x8c4 (size before relaxing)

.stabstr        0x00000000     0x1514
 *(.stabstr)
 .stabstr       0x00000000     0x1514 ./door_lock_control.o

.stab.excl
 *(.stab.excl)

.stab.exclstr
 *(.stab.exclstr)

.stab.index
 *(.stab.index)

.stab.indexstr
 *(.stab.indexstr)

.comment
 *(.comment)

.debug
 *(.debug)

.line
 *(.line)

.debug_srcinfo
 *(.debug_srcinfo)

.debug_sfnames
 *(.debug_sfnames)

.debug_aranges
 *(.debug_aranges)

.debug_pubnames
 *(.debug_pubnames)

.debug_info
 *(.debug_info)
 *(.gnu.linkonce.wi.*)

.debug_abbrev
 *(.debug_abbrev)

.debug_line
 *(.debug_line)

.debug_frame
 *(.debug_frame)

.debug_str
 *(.debug_str)

.debug_loc
 *(.debug_loc)

.debug_macinfo
 *(.debug_macinfo)
OUTPUT(Door_Lock_Control.elf elf32-avr)
LOAD linker stubs
